2026-07-23 01:39:35 WARNING  django.request pid=11712 Unauthorized: /agent/api/jobs/claim/
2026-07-23 01:39:40 WARNING  django.request pid=11712 Unauthorized: /agent/api/jobs/claim/
2026-07-23 01:39:45 WARNING  django.request pid=11712 Unauthorized: /agent/api/jobs/claim/
2026-07-23 01:39:50 WARNING  django.request pid=11712 Unauthorized: /agent/api/jobs/claim/
2026-07-23 01:39:55 WARNING  django.request pid=11712 Not Found: /favicon.ico
2026-07-23 01:39:55 WARNING  django.request pid=11712 Unauthorized: /agent/api/jobs/claim/
2026-07-23 01:40:00 WARNING  django.request pid=11712 Unauthorized: /agent/api/jobs/claim/
2026-07-23 01:40:05 WARNING  django.request pid=11712 Unauthorized: /agent/api/jobs/claim/
2026-07-23 01:40:10 WARNING  django.request pid=11712 Unauthorized: /agent/api/jobs/claim/
2026-07-23 01:40:15 WARNING  django.request pid=11712 Unauthorized: /agent/api/jobs/claim/
2026-07-23 01:40:20 WARNING  django.request pid=11712 Unauthorized: /agent/api/jobs/claim/
2026-07-23 01:40:25 WARNING  django.request pid=11712 Unauthorized: /agent/api/jobs/claim/
2026-07-23 01:40:30 WARNING  django.request pid=11712 Unauthorized: /agent/api/jobs/claim/
2026-07-23 01:40:35 WARNING  django.request pid=11712 Unauthorized: /agent/api/jobs/claim/
2026-07-23 01:40:40 WARNING  django.request pid=11712 Unauthorized: /agent/api/jobs/claim/
2026-07-23 01:40:45 WARNING  django.request pid=11712 Unauthorized: /agent/api/jobs/claim/
2026-07-23 01:40:50 WARNING  django.request pid=11712 Unauthorized: /agent/api/jobs/claim/
2026-07-23 01:40:55 WARNING  django.request pid=11712 Unauthorized: /agent/api/jobs/claim/
2026-07-23 01:41:00 WARNING  django.request pid=11712 Unauthorized: /agent/api/jobs/claim/
2026-07-23 01:41:05 WARNING  django.request pid=11712 Unauthorized: /agent/api/jobs/claim/
2026-07-23 01:41:10 WARNING  django.request pid=11712 Unauthorized: /agent/api/jobs/claim/
2026-07-23 01:41:15 WARNING  django.request pid=11712 Unauthorized: /agent/api/jobs/claim/
2026-07-23 01:41:20 WARNING  django.request pid=11712 Unauthorized: /agent/api/jobs/claim/
2026-07-23 01:41:25 WARNING  django.request pid=11712 Unauthorized: /agent/api/jobs/claim/
2026-07-23 01:41:30 WARNING  django.request pid=11712 Unauthorized: /agent/api/jobs/claim/
2026-07-23 01:41:35 WARNING  django.request pid=11712 Unauthorized: /agent/api/jobs/claim/
2026-07-23 01:41:40 WARNING  django.request pid=11712 Unauthorized: /agent/api/jobs/claim/
2026-07-23 01:41:45 WARNING  django.request pid=11712 Unauthorized: /agent/api/jobs/claim/
2026-07-23 01:41:50 WARNING  django.request pid=11712 Unauthorized: /agent/api/jobs/claim/
2026-07-23 01:41:55 WARNING  django.request pid=11712 Unauthorized: /agent/api/jobs/claim/
2026-07-23 01:42:00 WARNING  django.request pid=11712 Unauthorized: /agent/api/jobs/claim/
2026-07-23 01:42:05 WARNING  django.request pid=11712 Unauthorized: /agent/api/jobs/claim/
2026-07-23 01:42:10 WARNING  django.request pid=11712 Unauthorized: /agent/api/jobs/claim/
2026-07-23 01:42:15 WARNING  django.request pid=11712 Unauthorized: /agent/api/jobs/claim/
2026-07-23 01:42:20 WARNING  django.request pid=11712 Unauthorized: /agent/api/jobs/claim/
2026-07-23 01:42:25 WARNING  django.request pid=11712 Unauthorized: /agent/api/jobs/claim/
2026-07-23 01:42:30 WARNING  django.request pid=11712 Unauthorized: /agent/api/jobs/claim/
2026-07-23 01:42:35 WARNING  django.request pid=11712 Unauthorized: /agent/api/jobs/claim/
2026-07-23 01:42:40 WARNING  django.request pid=11712 Unauthorized: /agent/api/jobs/claim/
2026-07-23 01:42:45 WARNING  django.request pid=11712 Unauthorized: /agent/api/jobs/claim/
2026-07-23 01:42:50 WARNING  django.request pid=11712 Unauthorized: /agent/api/jobs/claim/
2026-07-23 01:42:55 WARNING  django.request pid=11712 Unauthorized: /agent/api/jobs/claim/
2026-07-23 01:43:00 WARNING  django.request pid=11712 Unauthorized: /agent/api/jobs/claim/
2026-07-23 01:43:05 WARNING  django.request pid=11712 Unauthorized: /agent/api/jobs/claim/
2026-07-23 01:43:10 WARNING  django.request pid=11712 Unauthorized: /agent/api/jobs/claim/
2026-07-23 01:43:15 WARNING  django.request pid=11712 Unauthorized: /agent/api/jobs/claim/
2026-07-23 01:43:20 WARNING  django.request pid=11712 Unauthorized: /agent/api/jobs/claim/
2026-07-23 01:43:25 WARNING  django.request pid=11712 Unauthorized: /agent/api/jobs/claim/
2026-07-23 01:43:30 WARNING  django.request pid=11712 Unauthorized: /agent/api/jobs/claim/
2026-07-23 01:43:35 WARNING  django.request pid=11712 Unauthorized: /agent/api/jobs/claim/
2026-07-23 01:43:40 WARNING  django.request pid=11712 Unauthorized: /agent/api/jobs/claim/
2026-07-23 01:43:46 WARNING  django.request pid=11712 Unauthorized: /agent/api/jobs/claim/
2026-07-23 01:43:51 WARNING  django.request pid=11712 Unauthorized: /agent/api/jobs/claim/
2026-07-23 01:43:56 WARNING  django.request pid=11712 Unauthorized: /agent/api/jobs/claim/
2026-07-23 01:44:01 WARNING  django.request pid=11712 Unauthorized: /agent/api/jobs/claim/
2026-07-23 01:44:06 WARNING  django.request pid=11712 Unauthorized: /agent/api/jobs/claim/
2026-07-23 01:44:11 WARNING  django.request pid=11712 Unauthorized: /agent/api/jobs/claim/
2026-07-23 01:44:16 WARNING  django.request pid=11712 Unauthorized: /agent/api/jobs/claim/
2026-07-23 01:44:21 WARNING  django.request pid=11712 Unauthorized: /agent/api/jobs/claim/
2026-07-23 01:44:26 WARNING  django.request pid=11712 Unauthorized: /agent/api/jobs/claim/
2026-07-23 01:44:31 WARNING  django.request pid=11712 Unauthorized: /agent/api/jobs/claim/
2026-07-23 01:44:36 WARNING  django.request pid=11712 Unauthorized: /agent/api/jobs/claim/
2026-07-23 01:44:41 WARNING  django.request pid=11712 Unauthorized: /agent/api/jobs/claim/
2026-07-23 01:44:46 WARNING  django.request pid=11712 Unauthorized: /agent/api/jobs/claim/
2026-07-23 01:44:51 WARNING  django.request pid=11712 Unauthorized: /agent/api/jobs/claim/
2026-07-23 01:44:56 WARNING  django.request pid=11712 Unauthorized: /agent/api/jobs/claim/
2026-07-23 01:45:01 WARNING  django.request pid=11712 Unauthorized: /agent/api/jobs/claim/
2026-07-23 01:45:06 WARNING  django.request pid=11712 Unauthorized: /agent/api/jobs/claim/
2026-07-23 01:45:11 WARNING  django.request pid=11712 Unauthorized: /agent/api/jobs/claim/
2026-07-23 01:45:16 WARNING  django.request pid=11712 Unauthorized: /agent/api/jobs/claim/
2026-07-23 01:45:21 WARNING  django.request pid=11712 Unauthorized: /agent/api/jobs/claim/
2026-07-23 01:45:26 WARNING  django.request pid=11712 Unauthorized: /agent/api/jobs/claim/
2026-07-23 01:45:31 WARNING  django.request pid=11712 Unauthorized: /agent/api/jobs/claim/
2026-07-23 01:45:36 WARNING  django.request pid=11712 Unauthorized: /agent/api/jobs/claim/
2026-07-23 01:45:41 WARNING  django.request pid=11712 Unauthorized: /agent/api/jobs/claim/
2026-07-23 01:45:46 WARNING  django.request pid=11712 Unauthorized: /agent/api/jobs/claim/
2026-07-23 01:45:51 WARNING  django.request pid=11712 Unauthorized: /agent/api/jobs/claim/
2026-07-23 01:45:56 WARNING  django.request pid=11712 Unauthorized: /agent/api/jobs/claim/
2026-07-23 01:46:01 WARNING  django.request pid=11712 Unauthorized: /agent/api/jobs/claim/
2026-07-23 01:46:06 WARNING  django.request pid=11712 Unauthorized: /agent/api/jobs/claim/
2026-07-23 01:46:11 WARNING  django.request pid=11712 Unauthorized: /agent/api/jobs/claim/
2026-07-23 01:46:16 WARNING  django.request pid=11712 Unauthorized: /agent/api/jobs/claim/
2026-07-23 01:46:21 WARNING  django.request pid=11712 Unauthorized: /agent/api/jobs/claim/
2026-07-23 01:46:26 WARNING  django.request pid=11712 Unauthorized: /agent/api/jobs/claim/
2026-07-23 01:46:31 WARNING  django.request pid=11712 Unauthorized: /agent/api/jobs/claim/
2026-07-23 01:46:36 WARNING  django.request pid=11712 Unauthorized: /agent/api/jobs/claim/
2026-07-23 01:46:41 WARNING  django.request pid=11712 Unauthorized: /agent/api/jobs/claim/
2026-07-23 01:46:46 WARNING  django.request pid=11712 Unauthorized: /agent/api/jobs/claim/
2026-07-23 01:46:51 WARNING  django.request pid=11712 Unauthorized: /agent/api/jobs/claim/
2026-07-23 01:46:56 WARNING  django.request pid=11712 Unauthorized: /agent/api/jobs/claim/
2026-07-23 01:47:01 WARNING  django.request pid=11712 Unauthorized: /agent/api/jobs/claim/
2026-07-23 01:47:06 WARNING  django.request pid=11712 Unauthorized: /agent/api/jobs/claim/
2026-07-23 01:47:11 WARNING  django.request pid=11712 Unauthorized: /agent/api/jobs/claim/
2026-07-23 01:47:16 WARNING  django.request pid=11712 Unauthorized: /agent/api/jobs/claim/
2026-07-23 01:47:21 WARNING  django.request pid=11712 Unauthorized: /agent/api/jobs/claim/
2026-07-23 01:47:26 WARNING  django.request pid=11712 Unauthorized: /agent/api/jobs/claim/
2026-07-23 01:47:31 WARNING  django.request pid=11712 Unauthorized: /agent/api/jobs/claim/
2026-07-23 01:47:36 WARNING  django.request pid=11712 Unauthorized: /agent/api/jobs/claim/
2026-07-23 01:47:41 WARNING  django.request pid=11712 Unauthorized: /agent/api/jobs/claim/
2026-07-23 01:49:47 WARNING  django.request pid=11920 Unauthorized: /agent/api/jobs/claim/
2026-07-23 01:49:52 WARNING  django.request pid=11920 Unauthorized: /agent/api/jobs/claim/
2026-07-23 01:49:57 WARNING  django.request pid=11920 Unauthorized: /agent/api/jobs/claim/
2026-07-23 01:50:02 WARNING  django.request pid=11920 Unauthorized: /agent/api/jobs/claim/
2026-07-23 01:50:03 WARNING  django.request pid=11920 Not Found: /favicon.ico
2026-07-23 01:50:07 WARNING  django.request pid=11920 Unauthorized: /agent/api/jobs/claim/
2026-07-23 01:50:12 WARNING  django.request pid=11920 Unauthorized: /agent/api/jobs/claim/
2026-07-23 01:50:17 WARNING  django.request pid=11920 Unauthorized: /agent/api/jobs/claim/
2026-07-23 01:50:22 WARNING  django.request pid=11920 Unauthorized: /agent/api/jobs/claim/
2026-07-23 01:50:27 WARNING  django.request pid=11920 Unauthorized: /agent/api/jobs/claim/
2026-07-23 01:50:32 WARNING  django.request pid=11920 Unauthorized: /agent/api/jobs/claim/
2026-07-23 01:50:37 WARNING  django.request pid=11920 Unauthorized: /agent/api/jobs/claim/
2026-07-23 01:50:42 WARNING  django.request pid=11920 Unauthorized: /agent/api/jobs/claim/
2026-07-23 01:50:47 WARNING  django.request pid=11920 Unauthorized: /agent/api/jobs/claim/
2026-07-23 01:50:52 WARNING  django.request pid=11920 Unauthorized: /agent/api/jobs/claim/
2026-07-23 01:50:57 WARNING  django.request pid=11920 Unauthorized: /agent/api/jobs/claim/
2026-07-23 01:51:02 WARNING  django.request pid=11920 Unauthorized: /agent/api/jobs/claim/
2026-07-23 01:51:07 WARNING  django.request pid=11920 Unauthorized: /agent/api/jobs/claim/
2026-07-23 01:51:12 WARNING  django.request pid=11920 Unauthorized: /agent/api/jobs/claim/
2026-07-23 01:51:17 WARNING  django.request pid=11920 Unauthorized: /agent/api/jobs/claim/
2026-07-23 01:51:22 WARNING  django.request pid=11920 Unauthorized: /agent/api/jobs/claim/
2026-07-23 01:51:27 WARNING  django.request pid=11920 Unauthorized: /agent/api/jobs/claim/
2026-07-23 01:51:32 WARNING  django.request pid=11920 Unauthorized: /agent/api/jobs/claim/
2026-07-23 01:51:37 WARNING  django.request pid=11920 Unauthorized: /agent/api/jobs/claim/
2026-07-23 01:51:42 WARNING  django.request pid=11920 Unauthorized: /agent/api/jobs/claim/
2026-07-23 01:51:47 WARNING  django.request pid=11920 Unauthorized: /agent/api/jobs/claim/
2026-07-23 01:51:52 WARNING  django.request pid=11920 Unauthorized: /agent/api/jobs/claim/
2026-07-23 01:51:57 WARNING  django.request pid=11920 Unauthorized: /agent/api/jobs/claim/
2026-07-23 01:52:02 WARNING  django.request pid=11920 Unauthorized: /agent/api/jobs/claim/
2026-07-23 01:52:07 WARNING  django.request pid=11920 Unauthorized: /agent/api/jobs/claim/
2026-07-23 01:52:12 WARNING  django.request pid=11920 Unauthorized: /agent/api/jobs/claim/
2026-07-23 01:52:17 WARNING  django.request pid=11920 Unauthorized: /agent/api/jobs/claim/
2026-07-23 01:52:22 WARNING  django.request pid=11920 Unauthorized: /agent/api/jobs/claim/
2026-07-23 01:52:27 WARNING  django.request pid=11920 Unauthorized: /agent/api/jobs/claim/
2026-07-23 01:52:32 WARNING  django.request pid=11920 Unauthorized: /agent/api/jobs/claim/
2026-08-08 18:13:52 WARNING  django.request pid=592 Unauthorized: /agent/api/jobs/claim/
2026-08-08 18:13:57 WARNING  django.request pid=592 Unauthorized: /agent/api/jobs/claim/
2026-08-08 18:14:02 WARNING  django.request pid=592 Unauthorized: /agent/api/jobs/claim/
2026-08-08 18:14:07 WARNING  django.request pid=592 Unauthorized: /agent/api/jobs/claim/
2026-08-08 18:14:09 WARNING  django.request pid=592 Not Found: /jobs/cdb1db38-8a5b-4288-aa0e-7dba81851754/
2026-08-08 18:14:09 WARNING  django.request pid=592 Not Found: /favicon.ico
2026-08-08 18:14:12 WARNING  django.request pid=592 Unauthorized: /agent/api/jobs/claim/
2026-08-08 18:14:17 WARNING  django.request pid=592 Unauthorized: /agent/api/jobs/claim/
2026-08-08 18:14:22 WARNING  django.request pid=592 Unauthorized: /agent/api/jobs/claim/
2026-08-08 18:14:27 WARNING  django.request pid=592 Unauthorized: /agent/api/jobs/claim/
2026-08-08 18:14:32 WARNING  django.request pid=592 Unauthorized: /agent/api/jobs/claim/
2026-08-08 18:14:37 WARNING  django.request pid=592 Unauthorized: /agent/api/jobs/claim/
2026-08-08 18:14:42 WARNING  django.request pid=592 Unauthorized: /agent/api/jobs/claim/
2026-08-08 18:14:47 WARNING  django.request pid=592 Unauthorized: /agent/api/jobs/claim/
2026-08-08 18:14:52 WARNING  django.request pid=592 Unauthorized: /agent/api/jobs/claim/
2026-08-08 18:14:57 WARNING  django.request pid=592 Unauthorized: /agent/api/jobs/claim/
2026-08-08 18:15:02 WARNING  django.request pid=592 Unauthorized: /agent/api/jobs/claim/
2026-08-08 18:15:07 WARNING  django.request pid=592 Unauthorized: /agent/api/jobs/claim/
2026-08-08 18:15:12 WARNING  django.request pid=592 Unauthorized: /agent/api/jobs/claim/
2026-08-08 18:15:17 WARNING  django.request pid=592 Unauthorized: /agent/api/jobs/claim/
2026-08-08 18:15:22 WARNING  django.request pid=592 Unauthorized: /agent/api/jobs/claim/
2026-08-08 18:15:27 WARNING  django.request pid=592 Unauthorized: /agent/api/jobs/claim/
2026-08-08 18:15:32 WARNING  django.request pid=592 Unauthorized: /agent/api/jobs/claim/
2026-08-08 18:15:37 WARNING  django.request pid=592 Unauthorized: /agent/api/jobs/claim/
2026-08-08 18:15:42 WARNING  django.request pid=592 Unauthorized: /agent/api/jobs/claim/
2026-08-08 18:15:47 WARNING  django.request pid=592 Unauthorized: /agent/api/jobs/claim/
2026-08-08 18:15:52 WARNING  django.request pid=592 Unauthorized: /agent/api/jobs/claim/
2026-08-08 18:15:57 WARNING  django.request pid=592 Unauthorized: /agent/api/jobs/claim/
2026-08-08 18:16:02 WARNING  django.request pid=592 Unauthorized: /agent/api/jobs/claim/
2026-08-08 18:16:07 WARNING  django.request pid=592 Unauthorized: /agent/api/jobs/claim/
2026-08-08 18:16:12 WARNING  django.request pid=592 Unauthorized: /agent/api/jobs/claim/
2026-08-08 18:16:17 WARNING  django.request pid=592 Unauthorized: /agent/api/jobs/claim/
2026-08-08 18:16:22 WARNING  django.request pid=592 Unauthorized: /agent/api/jobs/claim/
2026-08-08 18:16:27 WARNING  django.request pid=592 Unauthorized: /agent/api/jobs/claim/
2026-08-08 18:16:32 WARNING  django.request pid=592 Unauthorized: /agent/api/jobs/claim/
2026-08-08 18:16:37 WARNING  django.request pid=592 Unauthorized: /agent/api/jobs/claim/
2026-08-08 18:16:42 WARNING  django.request pid=592 Unauthorized: /agent/api/jobs/claim/
2026-08-08 18:16:47 WARNING  django.request pid=592 Unauthorized: /agent/api/jobs/claim/
2026-08-08 18:16:52 WARNING  django.request pid=592 Unauthorized: /agent/api/jobs/claim/
2026-08-08 18:16:57 WARNING  django.request pid=592 Unauthorized: /agent/api/jobs/claim/
2026-08-08 18:17:02 WARNING  django.request pid=592 Unauthorized: /agent/api/jobs/claim/
2026-08-08 18:17:07 WARNING  django.request pid=592 Unauthorized: /agent/api/jobs/claim/
2026-08-08 18:17:12 WARNING  django.request pid=592 Unauthorized: /agent/api/jobs/claim/
2026-08-08 18:17:17 WARNING  django.request pid=592 Unauthorized: /agent/api/jobs/claim/
2026-08-08 18:17:22 WARNING  django.request pid=592 Unauthorized: /agent/api/jobs/claim/
2026-08-08 18:17:27 WARNING  django.request pid=592 Unauthorized: /agent/api/jobs/claim/
2026-08-08 18:17:32 WARNING  django.request pid=592 Unauthorized: /agent/api/jobs/claim/
2026-08-08 18:17:37 WARNING  django.request pid=592 Unauthorized: /agent/api/jobs/claim/
2026-08-08 18:17:42 WARNING  django.request pid=592 Unauthorized: /agent/api/jobs/claim/
2026-08-08 18:17:47 WARNING  django.request pid=592 Unauthorized: /agent/api/jobs/claim/
2026-08-08 18:17:52 WARNING  django.request pid=592 Unauthorized: /agent/api/jobs/claim/
2026-08-08 18:17:57 WARNING  django.request pid=592 Unauthorized: /agent/api/jobs/claim/
2026-08-08 18:18:02 WARNING  django.request pid=592 Unauthorized: /agent/api/jobs/claim/
2026-08-08 18:18:07 WARNING  django.request pid=592 Unauthorized: /agent/api/jobs/claim/
2026-08-08 18:18:12 WARNING  django.request pid=592 Unauthorized: /agent/api/jobs/claim/
2026-08-08 18:18:17 WARNING  django.request pid=592 Unauthorized: /agent/api/jobs/claim/
2026-08-16 00:55:12 WARNING  django.request pid=563 Unauthorized: /agent/api/jobs/claim/
2026-08-16 00:55:17 WARNING  django.request pid=563 Unauthorized: /agent/api/jobs/claim/
2026-08-16 00:55:19 WARNING  django.request pid=563 Not Found: /jobs/cdb1db38-8a5b-4288-aa0e-7dba81851754/
2026-08-16 00:55:19 WARNING  django.request pid=563 Not Found: /favicon.ico
2026-08-16 00:55:20 WARNING  django.request pid=563 Unauthorized: /agent/api/jobs/claim/
2026-08-16 00:55:22 WARNING  django.request pid=563 Not Found: /jobs/cdb1db38-8a5b-4288-aa0e-7dba81851754/
2026-08-16 00:55:24 WARNING  django.request pid=563 Not Found: /jobs/cdb1db38-8a5b-4288-aa0e-7dba81851754/
2026-08-16 00:55:25 WARNING  django.request pid=563 Unauthorized: /agent/api/jobs/claim/
2026-08-16 00:55:31 WARNING  django.request pid=563 Unauthorized: /agent/api/jobs/claim/
2026-08-16 00:55:36 WARNING  django.request pid=563 Unauthorized: /agent/api/jobs/claim/
2026-08-16 00:55:41 WARNING  django.request pid=563 Unauthorized: /agent/api/jobs/claim/
2026-08-16 00:55:46 WARNING  django.request pid=563 Unauthorized: /agent/api/jobs/claim/
2026-08-16 00:55:49 WARNING  django.request pid=563 Unauthorized: /agent/api/jobs/claim/
2026-08-16 00:55:54 WARNING  django.request pid=563 Unauthorized: /agent/api/jobs/claim/
2026-08-16 00:56:00 WARNING  django.request pid=563 Unauthorized: /agent/api/jobs/claim/
2026-08-16 00:56:05 WARNING  django.request pid=563 Unauthorized: /agent/api/jobs/claim/
2026-08-16 00:56:10 WARNING  django.request pid=563 Unauthorized: /agent/api/jobs/claim/
2026-08-16 00:56:15 WARNING  django.request pid=563 Unauthorized: /agent/api/jobs/claim/
2026-08-16 00:56:18 WARNING  django.request pid=563 Unauthorized: /agent/api/jobs/claim/
2026-08-16 00:56:23 WARNING  django.request pid=563 Unauthorized: /agent/api/jobs/claim/
2026-08-16 00:56:28 WARNING  django.request pid=563 Unauthorized: /agent/api/jobs/claim/
2026-08-16 00:56:33 WARNING  django.request pid=563 Unauthorized: /agent/api/jobs/claim/
2026-08-16 00:56:38 WARNING  django.request pid=563 Unauthorized: /agent/api/jobs/claim/
2026-08-16 00:56:44 WARNING  django.request pid=563 Unauthorized: /agent/api/jobs/claim/
2026-08-16 00:56:49 WARNING  django.request pid=563 Unauthorized: /agent/api/jobs/claim/
2026-08-16 00:56:52 WARNING  django.request pid=563 Unauthorized: /agent/api/jobs/claim/
2026-08-16 00:56:57 WARNING  django.request pid=563 Unauthorized: /agent/api/jobs/claim/
2026-08-16 00:57:02 WARNING  django.request pid=563 Unauthorized: /agent/api/jobs/claim/
2026-08-16 00:57:07 WARNING  django.request pid=563 Unauthorized: /agent/api/jobs/claim/
2026-08-16 00:57:12 WARNING  django.request pid=563 Unauthorized: /agent/api/jobs/claim/
2026-08-16 00:57:17 WARNING  django.request pid=563 Unauthorized: /agent/api/jobs/claim/
2026-08-16 00:57:21 WARNING  django.request pid=563 Unauthorized: /agent/api/jobs/claim/
2026-08-16 00:57:26 WARNING  django.request pid=563 Unauthorized: /agent/api/jobs/claim/
2026-08-16 00:57:31 WARNING  django.request pid=563 Unauthorized: /agent/api/jobs/claim/
2026-08-16 00:57:36 WARNING  django.request pid=563 Unauthorized: /agent/api/jobs/claim/
2026-08-16 00:57:41 WARNING  django.request pid=563 Unauthorized: /agent/api/jobs/claim/
2026-08-16 00:57:46 WARNING  django.request pid=563 Unauthorized: /agent/api/jobs/claim/
2026-08-16 00:57:50 WARNING  django.request pid=563 Unauthorized: /agent/api/jobs/claim/
2026-08-16 00:57:55 WARNING  django.request pid=563 Unauthorized: /agent/api/jobs/claim/
2026-08-16 00:58:00 WARNING  django.request pid=563 Unauthorized: /agent/api/jobs/claim/
2026-08-16 00:58:05 WARNING  django.request pid=563 Unauthorized: /agent/api/jobs/claim/
2026-08-16 00:58:10 WARNING  django.request pid=563 Unauthorized: /agent/api/jobs/claim/
2026-08-16 00:58:15 WARNING  django.request pid=563 Unauthorized: /agent/api/jobs/claim/
2026-08-16 00:58:20 WARNING  django.request pid=563 Unauthorized: /agent/api/jobs/claim/
2026-08-16 00:58:44 WARNING  django.request pid=563 Not Found: /jobs/cdb1db38-8a5b-4288-aa0e-7dba81851754/
2026-08-16 00:58:47 WARNING  django.request pid=563 Not Found: /jobs/cdb1db38-8a5b-4288-aa0e-7dba81851754/
2026-08-16 00:58:49 WARNING  django.request pid=563 Not Found: /jobs/cdb1db38-8a5b-4288-aa0e-7dba81851754/
2026-08-16 01:11:15 ERROR    django.request pid=1262 Internal Server Error: /dashboard/
Traceback (most recent call last):
  File "/mnt/c/pro/pro1/fpga_remote_stand/server/.venv/lib/python3.12/site-packages/django/db/backends/utils.py", line 105, in _execute
    return self.cursor.execute(sql, params)
           ^^^^^^^^^^^^^^^^^^^^^^^^^^^^^^^^
  File "/mnt/c/pro/pro1/fpga_remote_stand/server/.venv/lib/python3.12/site-packages/django/db/backends/sqlite3/base.py", line 359, in execute
    return super().execute(query, params)
           ^^^^^^^^^^^^^^^^^^^^^^^^^^^^^^
sqlite3.OperationalError: no such column: jobs_job.retry_count

The above exception was the direct cause of the following exception:

Traceback (most recent call last):
  File "/mnt/c/pro/pro1/fpga_remote_stand/server/.venv/lib/python3.12/site-packages/asgiref/sync.py", line 577, in thread_handler
    raise exc_info[1]
  File "/mnt/c/pro/pro1/fpga_remote_stand/server/.venv/lib/python3.12/site-packages/django/core/handlers/exception.py", line 42, in inner
    response = await get_response(request)
               ^^^^^^^^^^^^^^^^^^^^^^^^^^^
  File "/mnt/c/pro/pro1/fpga_remote_stand/server/.venv/lib/python3.12/site-packages/asgiref/sync.py", line 577, in thread_handler
    raise exc_info[1]
  File "/mnt/c/pro/pro1/fpga_remote_stand/server/.venv/lib/python3.12/site-packages/django/core/handlers/base.py", line 285, in _get_response_async
    response = await sync_to_async(
               ^^^^^^^^^^^^^^^^^^^^
  File "/mnt/c/pro/pro1/fpga_remote_stand/server/.venv/lib/python3.12/site-packages/asgiref/sync.py", line 526, in __call__
    ret = await asyncio.shield(exec_coro)
          ^^^^^^^^^^^^^^^^^^^^^^^^^^^^^^^
  File "/usr/lib/python3.12/concurrent/futures/thread.py", line 58, in run
    result = self.fn(*self.args, **self.kwargs)
             ^^^^^^^^^^^^^^^^^^^^^^^^^^^^^^^^^^
  File "/mnt/c/pro/pro1/fpga_remote_stand/server/.venv/lib/python3.12/site-packages/asgiref/sync.py", line 581, in thread_handler
    return func(*args, **kwargs)
           ^^^^^^^^^^^^^^^^^^^^^
  File "/mnt/c/pro/pro1/fpga_remote_stand/server/.venv/lib/python3.12/site-packages/asgiref/sync.py", line 508, in func
    return context.run(run_child)
           ^^^^^^^^^^^^^^^^^^^^^^
  File "/mnt/c/pro/pro1/fpga_remote_stand/server/.venv/lib/python3.12/site-packages/asgiref/sync.py", line 506, in run_child
    return child()
           ^^^^^^^
  File "/mnt/c/pro/pro1/fpga_remote_stand/server/.venv/lib/python3.12/site-packages/django/template/response.py", line 114, in render
    self.content = self.rendered_content
                   ^^^^^^^^^^^^^^^^^^^^^
  File "/mnt/c/pro/pro1/fpga_remote_stand/server/.venv/lib/python3.12/site-packages/django/template/response.py", line 92, in rendered_content
    return template.render(context, self._request)
           ^^^^^^^^^^^^^^^^^^^^^^^^^^^^^^^^^^^^^^^
  File "/mnt/c/pro/pro1/fpga_remote_stand/server/.venv/lib/python3.12/site-packages/django/template/backends/django.py", line 107, in render
    return self.template.render(context)
           ^^^^^^^^^^^^^^^^^^^^^^^^^^^^^
  File "/mnt/c/pro/pro1/fpga_remote_stand/server/.venv/lib/python3.12/site-packages/django/template/base.py", line 174, in render
    return self._render(context)
           ^^^^^^^^^^^^^^^^^^^^^
  File "/mnt/c/pro/pro1/fpga_remote_stand/server/.venv/lib/python3.12/site-packages/django/template/base.py", line 166, in _render
    return self.nodelist.render(context)
           ^^^^^^^^^^^^^^^^^^^^^^^^^^^^^
  File "/mnt/c/pro/pro1/fpga_remote_stand/server/.venv/lib/python3.12/site-packages/django/template/base.py", line 1091, in render
    return SafeString("".join([node.render_annotated(context) for node in self]))
                               ^^^^^^^^^^^^^^^^^^^^^^^^^^^^^^
  File "/mnt/c/pro/pro1/fpga_remote_stand/server/.venv/lib/python3.12/site-packages/django/template/base.py", line 1052, in render_annotated
    return self.render(context)
           ^^^^^^^^^^^^^^^^^^^^
  File "/mnt/c/pro/pro1/fpga_remote_stand/server/.venv/lib/python3.12/site-packages/django/template/loader_tags.py", line 160, in render
    return compiled_parent._render(context)
           ^^^^^^^^^^^^^^^^^^^^^^^^^^^^^^^^
  File "/mnt/c/pro/pro1/fpga_remote_stand/server/.venv/lib/python3.12/site-packages/django/template/base.py", line 166, in _render
    return self.nodelist.render(context)
           ^^^^^^^^^^^^^^^^^^^^^^^^^^^^^
  File "/mnt/c/pro/pro1/fpga_remote_stand/server/.venv/lib/python3.12/site-packages/django/template/base.py", line 1091, in render
    return SafeString("".join([node.render_annotated(context) for node in self]))
                               ^^^^^^^^^^^^^^^^^^^^^^^^^^^^^^
  File "/mnt/c/pro/pro1/fpga_remote_stand/server/.venv/lib/python3.12/site-packages/django/template/base.py", line 1052, in render_annotated
    return self.render(context)
           ^^^^^^^^^^^^^^^^^^^^
  File "/mnt/c/pro/pro1/fpga_remote_stand/server/.venv/lib/python3.12/site-packages/django/template/loader_tags.py", line 66, in render
    result = block.nodelist.render(context)
             ^^^^^^^^^^^^^^^^^^^^^^^^^^^^^^
  File "/mnt/c/pro/pro1/fpga_remote_stand/server/.venv/lib/python3.12/site-packages/django/template/base.py", line 1091, in render
    return SafeString("".join([node.render_annotated(context) for node in self]))
                               ^^^^^^^^^^^^^^^^^^^^^^^^^^^^^^
  File "/mnt/c/pro/pro1/fpga_remote_stand/server/.venv/lib/python3.12/site-packages/django/template/base.py", line 1052, in render_annotated
    return self.render(context)
           ^^^^^^^^^^^^^^^^^^^^
  File "/mnt/c/pro/pro1/fpga_remote_stand/server/.venv/lib/python3.12/site-packages/django/template/defaulttags.py", line 332, in render
    if match:
       ^^^^^
  File "/mnt/c/pro/pro1/fpga_remote_stand/server/.venv/lib/python3.12/site-packages/django/db/models/query.py", line 404, in __bool__
    self._fetch_all()
  File "/mnt/c/pro/pro1/fpga_remote_stand/server/.venv/lib/python3.12/site-packages/django/db/models/query.py", line 2000, in _fetch_all
    self._result_cache = list(self._iterable_class(self))
                         ^^^^^^^^^^^^^^^^^^^^^^^^^^^^^^^^
  File "/mnt/c/pro/pro1/fpga_remote_stand/server/.venv/lib/python3.12/site-packages/django/db/models/query.py", line 95, in __iter__
    results = compiler.execute_sql(
              ^^^^^^^^^^^^^^^^^^^^^
  File "/mnt/c/pro/pro1/fpga_remote_stand/server/.venv/lib/python3.12/site-packages/django/db/models/sql/compiler.py", line 1624, in execute_sql
    cursor.execute(sql, params)
  File "/mnt/c/pro/pro1/fpga_remote_stand/server/.venv/lib/python3.12/site-packages/django/db/backends/utils.py", line 122, in execute
    return super().execute(sql, params)
           ^^^^^^^^^^^^^^^^^^^^^^^^^^^^
  File "/mnt/c/pro/pro1/fpga_remote_stand/server/.venv/lib/python3.12/site-packages/django/db/backends/utils.py", line 79, in execute
    return self._execute_with_wrappers(
           ^^^^^^^^^^^^^^^^^^^^^^^^^^^^
  File "/mnt/c/pro/pro1/fpga_remote_stand/server/.venv/lib/python3.12/site-packages/django/db/backends/utils.py", line 92, in _execute_with_wrappers
    return executor(sql, params, many, context)
           ^^^^^^^^^^^^^^^^^^^^^^^^^^^^^^^^^^^^
  File "/mnt/c/pro/pro1/fpga_remote_stand/server/.venv/lib/python3.12/site-packages/django/db/backends/utils.py", line 100, in _execute
    with self.db.wrap_database_errors:
  File "/mnt/c/pro/pro1/fpga_remote_stand/server/.venv/lib/python3.12/site-packages/django/db/utils.py", line 94, in __exit__
    raise dj_exc_value.with_traceback(traceback) from exc_value
  File "/mnt/c/pro/pro1/fpga_remote_stand/server/.venv/lib/python3.12/site-packages/django/db/backends/utils.py", line 105, in _execute
    return self.cursor.execute(sql, params)
           ^^^^^^^^^^^^^^^^^^^^^^^^^^^^^^^^
  File "/mnt/c/pro/pro1/fpga_remote_stand/server/.venv/lib/python3.12/site-packages/django/db/backends/sqlite3/base.py", line 359, in execute
    return super().execute(query, params)
           ^^^^^^^^^^^^^^^^^^^^^^^^^^^^^^
django.db.utils.OperationalError: no such column: jobs_job.retry_count
2026-08-16 01:11:35 ERROR    django.request pid=1262 Internal Server Error: /dashboard/
Traceback (most recent call last):
  File "/mnt/c/pro/pro1/fpga_remote_stand/server/.venv/lib/python3.12/site-packages/django/db/backends/utils.py", line 105, in _execute
    return self.cursor.execute(sql, params)
           ^^^^^^^^^^^^^^^^^^^^^^^^^^^^^^^^
  File "/mnt/c/pro/pro1/fpga_remote_stand/server/.venv/lib/python3.12/site-packages/django/db/backends/sqlite3/base.py", line 359, in execute
    return super().execute(query, params)
           ^^^^^^^^^^^^^^^^^^^^^^^^^^^^^^
sqlite3.OperationalError: no such column: jobs_job.retry_count

The above exception was the direct cause of the following exception:

Traceback (most recent call last):
  File "/mnt/c/pro/pro1/fpga_remote_stand/server/.venv/lib/python3.12/site-packages/asgiref/sync.py", line 577, in thread_handler
    raise exc_info[1]
  File "/mnt/c/pro/pro1/fpga_remote_stand/server/.venv/lib/python3.12/site-packages/django/core/handlers/exception.py", line 42, in inner
    response = await get_response(request)
               ^^^^^^^^^^^^^^^^^^^^^^^^^^^
  File "/mnt/c/pro/pro1/fpga_remote_stand/server/.venv/lib/python3.12/site-packages/asgiref/sync.py", line 577, in thread_handler
    raise exc_info[1]
  File "/mnt/c/pro/pro1/fpga_remote_stand/server/.venv/lib/python3.12/site-packages/django/core/handlers/base.py", line 285, in _get_response_async
    response = await sync_to_async(
               ^^^^^^^^^^^^^^^^^^^^
  File "/mnt/c/pro/pro1/fpga_remote_stand/server/.venv/lib/python3.12/site-packages/asgiref/sync.py", line 526, in __call__
    ret = await asyncio.shield(exec_coro)
          ^^^^^^^^^^^^^^^^^^^^^^^^^^^^^^^
  File "/usr/lib/python3.12/concurrent/futures/thread.py", line 58, in run
    result = self.fn(*self.args, **self.kwargs)
             ^^^^^^^^^^^^^^^^^^^^^^^^^^^^^^^^^^
  File "/mnt/c/pro/pro1/fpga_remote_stand/server/.venv/lib/python3.12/site-packages/asgiref/sync.py", line 581, in thread_handler
    return func(*args, **kwargs)
           ^^^^^^^^^^^^^^^^^^^^^
  File "/mnt/c/pro/pro1/fpga_remote_stand/server/.venv/lib/python3.12/site-packages/asgiref/sync.py", line 508, in func
    return context.run(run_child)
           ^^^^^^^^^^^^^^^^^^^^^^
  File "/mnt/c/pro/pro1/fpga_remote_stand/server/.venv/lib/python3.12/site-packages/asgiref/sync.py", line 506, in run_child
    return child()
           ^^^^^^^
  File "/mnt/c/pro/pro1/fpga_remote_stand/server/.venv/lib/python3.12/site-packages/django/template/response.py", line 114, in render
    self.content = self.rendered_content
                   ^^^^^^^^^^^^^^^^^^^^^
  File "/mnt/c/pro/pro1/fpga_remote_stand/server/.venv/lib/python3.12/site-packages/django/template/response.py", line 92, in rendered_content
    return template.render(context, self._request)
           ^^^^^^^^^^^^^^^^^^^^^^^^^^^^^^^^^^^^^^^
  File "/mnt/c/pro/pro1/fpga_remote_stand/server/.venv/lib/python3.12/site-packages/django/template/backends/django.py", line 107, in render
    return self.template.render(context)
           ^^^^^^^^^^^^^^^^^^^^^^^^^^^^^
  File "/mnt/c/pro/pro1/fpga_remote_stand/server/.venv/lib/python3.12/site-packages/django/template/base.py", line 174, in render
    return self._render(context)
           ^^^^^^^^^^^^^^^^^^^^^
  File "/mnt/c/pro/pro1/fpga_remote_stand/server/.venv/lib/python3.12/site-packages/django/template/base.py", line 166, in _render
    return self.nodelist.render(context)
           ^^^^^^^^^^^^^^^^^^^^^^^^^^^^^
  File "/mnt/c/pro/pro1/fpga_remote_stand/server/.venv/lib/python3.12/site-packages/django/template/base.py", line 1091, in render
    return SafeString("".join([node.render_annotated(context) for node in self]))
                               ^^^^^^^^^^^^^^^^^^^^^^^^^^^^^^
  File "/mnt/c/pro/pro1/fpga_remote_stand/server/.venv/lib/python3.12/site-packages/django/template/base.py", line 1052, in render_annotated
    return self.render(context)
           ^^^^^^^^^^^^^^^^^^^^
  File "/mnt/c/pro/pro1/fpga_remote_stand/server/.venv/lib/python3.12/site-packages/django/template/loader_tags.py", line 160, in render
    return compiled_parent._render(context)
           ^^^^^^^^^^^^^^^^^^^^^^^^^^^^^^^^
  File "/mnt/c/pro/pro1/fpga_remote_stand/server/.venv/lib/python3.12/site-packages/django/template/base.py", line 166, in _render
    return self.nodelist.render(context)
           ^^^^^^^^^^^^^^^^^^^^^^^^^^^^^
  File "/mnt/c/pro/pro1/fpga_remote_stand/server/.venv/lib/python3.12/site-packages/django/template/base.py", line 1091, in render
    return SafeString("".join([node.render_annotated(context) for node in self]))
                               ^^^^^^^^^^^^^^^^^^^^^^^^^^^^^^
  File "/mnt/c/pro/pro1/fpga_remote_stand/server/.venv/lib/python3.12/site-packages/django/template/base.py", line 1052, in render_annotated
    return self.render(context)
           ^^^^^^^^^^^^^^^^^^^^
  File "/mnt/c/pro/pro1/fpga_remote_stand/server/.venv/lib/python3.12/site-packages/django/template/loader_tags.py", line 66, in render
    result = block.nodelist.render(context)
             ^^^^^^^^^^^^^^^^^^^^^^^^^^^^^^
  File "/mnt/c/pro/pro1/fpga_remote_stand/server/.venv/lib/python3.12/site-packages/django/template/base.py", line 1091, in render
    return SafeString("".join([node.render_annotated(context) for node in self]))
                               ^^^^^^^^^^^^^^^^^^^^^^^^^^^^^^
  File "/mnt/c/pro/pro1/fpga_remote_stand/server/.venv/lib/python3.12/site-packages/django/template/base.py", line 1052, in render_annotated
    return self.render(context)
           ^^^^^^^^^^^^^^^^^^^^
  File "/mnt/c/pro/pro1/fpga_remote_stand/server/.venv/lib/python3.12/site-packages/django/template/defaulttags.py", line 332, in render
    if match:
       ^^^^^
  File "/mnt/c/pro/pro1/fpga_remote_stand/server/.venv/lib/python3.12/site-packages/django/db/models/query.py", line 404, in __bool__
    self._fetch_all()
  File "/mnt/c/pro/pro1/fpga_remote_stand/server/.venv/lib/python3.12/site-packages/django/db/models/query.py", line 2000, in _fetch_all
    self._result_cache = list(self._iterable_class(self))
                         ^^^^^^^^^^^^^^^^^^^^^^^^^^^^^^^^
  File "/mnt/c/pro/pro1/fpga_remote_stand/server/.venv/lib/python3.12/site-packages/django/db/models/query.py", line 95, in __iter__
    results = compiler.execute_sql(
              ^^^^^^^^^^^^^^^^^^^^^
  File "/mnt/c/pro/pro1/fpga_remote_stand/server/.venv/lib/python3.12/site-packages/django/db/models/sql/compiler.py", line 1624, in execute_sql
    cursor.execute(sql, params)
  File "/mnt/c/pro/pro1/fpga_remote_stand/server/.venv/lib/python3.12/site-packages/django/db/backends/utils.py", line 122, in execute
    return super().execute(sql, params)
           ^^^^^^^^^^^^^^^^^^^^^^^^^^^^
  File "/mnt/c/pro/pro1/fpga_remote_stand/server/.venv/lib/python3.12/site-packages/django/db/backends/utils.py", line 79, in execute
    return self._execute_with_wrappers(
           ^^^^^^^^^^^^^^^^^^^^^^^^^^^^
  File "/mnt/c/pro/pro1/fpga_remote_stand/server/.venv/lib/python3.12/site-packages/django/db/backends/utils.py", line 92, in _execute_with_wrappers
    return executor(sql, params, many, context)
           ^^^^^^^^^^^^^^^^^^^^^^^^^^^^^^^^^^^^
  File "/mnt/c/pro/pro1/fpga_remote_stand/server/.venv/lib/python3.12/site-packages/django/db/backends/utils.py", line 100, in _execute
    with self.db.wrap_database_errors:
  File "/mnt/c/pro/pro1/fpga_remote_stand/server/.venv/lib/python3.12/site-packages/django/db/utils.py", line 94, in __exit__
    raise dj_exc_value.with_traceback(traceback) from exc_value
  File "/mnt/c/pro/pro1/fpga_remote_stand/server/.venv/lib/python3.12/site-packages/django/db/backends/utils.py", line 105, in _execute
    return self.cursor.execute(sql, params)
           ^^^^^^^^^^^^^^^^^^^^^^^^^^^^^^^^
  File "/mnt/c/pro/pro1/fpga_remote_stand/server/.venv/lib/python3.12/site-packages/django/db/backends/sqlite3/base.py", line 359, in execute
    return super().execute(query, params)
           ^^^^^^^^^^^^^^^^^^^^^^^^^^^^^^
django.db.utils.OperationalError: no such column: jobs_job.retry_count
2026-08-16 01:16:12 ERROR    django.request pid=1735 Internal Server Error: /agent/api/jobs/97c966a0-5455-4ea2-8ca1-8df7a163c8a2/result/
Traceback (most recent call last):
  File "/mnt/c/pro/pro1/fpga_remote_stand/server/.venv/lib/python3.12/site-packages/asgiref/sync.py", line 577, in thread_handler
    raise exc_info[1]
  File "/mnt/c/pro/pro1/fpga_remote_stand/server/.venv/lib/python3.12/site-packages/django/core/handlers/exception.py", line 42, in inner
    response = await get_response(request)
               ^^^^^^^^^^^^^^^^^^^^^^^^^^^
  File "/mnt/c/pro/pro1/fpga_remote_stand/server/.venv/lib/python3.12/site-packages/asgiref/sync.py", line 577, in thread_handler
    raise exc_info[1]
  File "/mnt/c/pro/pro1/fpga_remote_stand/server/.venv/lib/python3.12/site-packages/django/core/handlers/base.py", line 254, in _get_response_async
    response = await wrapped_callback(
               ^^^^^^^^^^^^^^^^^^^^^^^
  File "/mnt/c/pro/pro1/fpga_remote_stand/server/.venv/lib/python3.12/site-packages/asgiref/sync.py", line 526, in __call__
    ret = await asyncio.shield(exec_coro)
          ^^^^^^^^^^^^^^^^^^^^^^^^^^^^^^^
  File "/usr/lib/python3.12/concurrent/futures/thread.py", line 58, in run
    result = self.fn(*self.args, **self.kwargs)
             ^^^^^^^^^^^^^^^^^^^^^^^^^^^^^^^^^^
  File "/mnt/c/pro/pro1/fpga_remote_stand/server/.venv/lib/python3.12/site-packages/asgiref/sync.py", line 581, in thread_handler
    return func(*args, **kwargs)
           ^^^^^^^^^^^^^^^^^^^^^
  File "/mnt/c/pro/pro1/fpga_remote_stand/server/.venv/lib/python3.12/site-packages/asgiref/sync.py", line 508, in func
    return context.run(run_child)
           ^^^^^^^^^^^^^^^^^^^^^^
  File "/mnt/c/pro/pro1/fpga_remote_stand/server/.venv/lib/python3.12/site-packages/asgiref/sync.py", line 506, in run_child
    return child()
           ^^^^^^^
  File "/mnt/c/pro/pro1/fpga_remote_stand/server/.venv/lib/python3.12/site-packages/django/views/generic/base.py", line 106, in view
    return self.dispatch(request, *args, **kwargs)
           ^^^^^^^^^^^^^^^^^^^^^^^^^^^^^^^^^^^^^^^
  File "/mnt/c/pro/pro1/fpga_remote_stand/server/.venv/lib/python3.12/site-packages/django/utils/decorators.py", line 48, in _wrapper
    return bound_method(*args, **kwargs)
           ^^^^^^^^^^^^^^^^^^^^^^^^^^^^^
  File "/mnt/c/pro/pro1/fpga_remote_stand/server/.venv/lib/python3.12/site-packages/django/views/decorators/csrf.py", line 65, in _view_wrapper
    return view_func(request, *args, **kwargs)
           ^^^^^^^^^^^^^^^^^^^^^^^^^^^^^^^^^^^
  File "/mnt/c/pro/pro1/fpga_remote_stand/server/jobs/views.py", line 274, in dispatch
    return super().dispatch(request, *args, **kwargs)
           ^^^^^^^^^^^^^^^^^^^^^^^^^^^^^^^^^^^^^^^^^^
  File "/mnt/c/pro/pro1/fpga_remote_stand/server/.venv/lib/python3.12/site-packages/django/views/generic/base.py", line 145, in dispatch
    return handler(request, *args, **kwargs)
           ^^^^^^^^^^^^^^^^^^^^^^^^^^^^^^^^^
  File "/mnt/c/pro/pro1/fpga_remote_stand/server/jobs/views.py", line 366, in post
    return JsonResponse({"id": str(job.id), "status": job.status})
                                   ^^^^^^
AttributeError: 'NoneType' object has no attribute 'id'
2026-08-16 01:16:22 ERROR    django.request pid=1735 Internal Server Error: /agent/api/jobs/d4bbadc6-723b-47a2-942c-6638af664e4f/result/
Traceback (most recent call last):
  File "/mnt/c/pro/pro1/fpga_remote_stand/server/.venv/lib/python3.12/site-packages/asgiref/sync.py", line 577, in thread_handler
    raise exc_info[1]
  File "/mnt/c/pro/pro1/fpga_remote_stand/server/.venv/lib/python3.12/site-packages/django/core/handlers/exception.py", line 42, in inner
    response = await get_response(request)
               ^^^^^^^^^^^^^^^^^^^^^^^^^^^
  File "/mnt/c/pro/pro1/fpga_remote_stand/server/.venv/lib/python3.12/site-packages/asgiref/sync.py", line 577, in thread_handler
    raise exc_info[1]
  File "/mnt/c/pro/pro1/fpga_remote_stand/server/.venv/lib/python3.12/site-packages/django/core/handlers/base.py", line 254, in _get_response_async
    response = await wrapped_callback(
               ^^^^^^^^^^^^^^^^^^^^^^^
  File "/mnt/c/pro/pro1/fpga_remote_stand/server/.venv/lib/python3.12/site-packages/asgiref/sync.py", line 526, in __call__
    ret = await asyncio.shield(exec_coro)
          ^^^^^^^^^^^^^^^^^^^^^^^^^^^^^^^
  File "/usr/lib/python3.12/concurrent/futures/thread.py", line 58, in run
    result = self.fn(*self.args, **self.kwargs)
             ^^^^^^^^^^^^^^^^^^^^^^^^^^^^^^^^^^
  File "/mnt/c/pro/pro1/fpga_remote_stand/server/.venv/lib/python3.12/site-packages/asgiref/sync.py", line 581, in thread_handler
    return func(*args, **kwargs)
           ^^^^^^^^^^^^^^^^^^^^^
  File "/mnt/c/pro/pro1/fpga_remote_stand/server/.venv/lib/python3.12/site-packages/asgiref/sync.py", line 508, in func
    return context.run(run_child)
           ^^^^^^^^^^^^^^^^^^^^^^
  File "/mnt/c/pro/pro1/fpga_remote_stand/server/.venv/lib/python3.12/site-packages/asgiref/sync.py", line 506, in run_child
    return child()
           ^^^^^^^
  File "/mnt/c/pro/pro1/fpga_remote_stand/server/.venv/lib/python3.12/site-packages/django/views/generic/base.py", line 106, in view
    return self.dispatch(request, *args, **kwargs)
           ^^^^^^^^^^^^^^^^^^^^^^^^^^^^^^^^^^^^^^^
  File "/mnt/c/pro/pro1/fpga_remote_stand/server/.venv/lib/python3.12/site-packages/django/utils/decorators.py", line 48, in _wrapper
    return bound_method(*args, **kwargs)
           ^^^^^^^^^^^^^^^^^^^^^^^^^^^^^
  File "/mnt/c/pro/pro1/fpga_remote_stand/server/.venv/lib/python3.12/site-packages/django/views/decorators/csrf.py", line 65, in _view_wrapper
    return view_func(request, *args, **kwargs)
           ^^^^^^^^^^^^^^^^^^^^^^^^^^^^^^^^^^^
  File "/mnt/c/pro/pro1/fpga_remote_stand/server/jobs/views.py", line 274, in dispatch
    return super().dispatch(request, *args, **kwargs)
           ^^^^^^^^^^^^^^^^^^^^^^^^^^^^^^^^^^^^^^^^^^
  File "/mnt/c/pro/pro1/fpga_remote_stand/server/.venv/lib/python3.12/site-packages/django/views/generic/base.py", line 145, in dispatch
    return handler(request, *args, **kwargs)
           ^^^^^^^^^^^^^^^^^^^^^^^^^^^^^^^^^
  File "/mnt/c/pro/pro1/fpga_remote_stand/server/jobs/views.py", line 366, in post
    return JsonResponse({"id": str(job.id), "status": job.status})
                                   ^^^^^^
AttributeError: 'NoneType' object has no attribute 'id'
